#{"save_time": 1540814404.510544, "comment": "", "req_file_name": "test2.req", "labels": []}
test:counter32,933.0
test:counter12,933.0
test:counter77,933.0
test:counter91,933.0
test:counter43,933.0
test:counter70,933.0
test:counter22,933.0
test:counter13,933.0
test:counter17,933.0
test:counter09,933.0
test:counter72,933.0
test:counter49,933.0
test:counter46,933.0
test:counter90,933.0
test:counter36,933.0
test:counter11,933.0
test:counter29,933.0
test:counter93,933.0
test:counter54,933.0
test:counter34,933.0
test:counter58,933.0
test:counter79,933.0
test:counter24,933.0
test:counter33,933.0
test:counter21,933.0
test:counter66,934.0
test:counter15,934.0
test:counter39,933.0
test:counter26,933.0
test:counter51,933.0
test:counter23,933.0
test:counter87,933.0
test:counter16,933.0
test:counter64,933.0
test:counter98,933.0
test:counter100
test:counter40,933.0
test:counter19,933.0
test:counter95,933.0
test:counter52,933.0
test:counter89,933.0
test:counter61,933.0
test:counter25,933.0
test:counter83,933.0
test:counter53,933.0
test:counter60,933.0
test:db_ok,933.0
test:counter14,933.0
test:counter10,933.0
test:counter20,933.0
test:counter05,933.0
test:counter71,933.0
test:counter97,933.0
test:counter07,933.0
test:counter41,933.0
test:counter02,933.0
test:counter63,933.0
test:counter99,0.0
test:counter65,933.0
test:counter48,933.0
test:counter86,933.0
test:counter44,933.0
test:counter35,933.0
test:counter37,933.0
test:counter69,933.0
test:counter08,933.0
test:counter94,933.0
test:counter28,933.0
test:counter56,933.0
test:counter85,933.0
test:counter55,934.0
test:counter38,933.0
test:counter67,933.0
test:counter47,933.0
test:counter82,933.0
test:counter18,934.0
test:counter45,933.0
test:counter78,933.0
test:counter57,933.0
test:counter88,933.0
test:counter03,933.0
test:counter00,933.0
test:counter01,933.0
test:counter75,933.0
test:counter27,933.0
test:counter76,933.0
test:counter74,933.0
test:counter50,933.0
test:counter59,933.0
test:counter06,933.0
test:counter04,933.0
test:counter96,934.0
test:counter80,934.0
test:counter92,933.0
test:counter81,934.0
test:counter73,934.0
test:counter62,934.0
test:counter68,934.0
test:counter42,933.0
test:counter31,934.0
test:counter30,934.0
test:counter84,934.0
