/Users/ebner/Git/snapshot/tests/test2_20181029_125958.snap