/Users/ebner/Git/snapshot/tests/test_20181029_125910.snap