#{"save_time": 1540814350.656238, "labels": [], "req_file_name": "test.req", "comment": ""}
test:counter16,394.0
test:counter34,395.0
test:counter92,394.0
test:counter67,394.0
test:counter64,394.0
test:counter04,394.0
test:counter89,394.0
test:counter32,394.0
test:counter15,394.0
test:counter82,394.0
test:counter33,394.0
test:counter22,394.0
test:counter53,394.0
test:counter46,394.0
test:counter83,394.0
test:counter35,394.0
test:counter06,394.0
test:counter11,394.0
test:db_ok,394.0
test:counter25,394.0
test:counter47,394.0
test:counter17,394.0
test:counter66,394.0
test:counter31,394.0
test:counter55,395.0
test:counter49,395.0
test:counter48,395.0
test:counter28,395.0
test:counter63,395.0
test:counter86,395.0
test:counter84,395.0
test:counter50,395.0
test:counter10,395.0
test:counter65,395.0
test:counter00,395.0
test:counter13,395.0
test:counter43,395.0
test:counter29,395.0
test:counter97,395.0
test:counter79,395.0
test:counter61,395.0
test:counter37,395.0
test:counter99,0.0
test:counter77,395.0
test:counter26,395.0
test:counter59,395.0
test:counter58,395.0
test:counter71,395.0
test:counter12,395.0
test:counter30,395.0
test:counter56,395.0
test:counter57,395.0
test:counter78,395.0
test:counter08,395.0
test:counter98,394.0
test:counter74,395.0
test:counter01,395.0
test:counter14,395.0
test:counter52,395.0
test:counter60,395.0
test:counter42,395.0
test:counter95,395.0
test:counter02,395.0
test:counter09,395.0
test:counter73,395.0
test:counter05,395.0
test:counter21,395.0
test:counter94,395.0
test:counter80,395.0
test:counter62,395.0
test:counter19,395.0
test:counter20,395.0
test:counter75,395.0
test:counter70,395.0
test:counter68,395.0
test:counter76,395.0
test:counter54,395.0
test:counter40,395.0
test:counter90,395.0
test:counter85,395.0
test:counter27,395.0
test:counter24,395.0
test:counter69,395.0
test:counter91,395.0
test:counter72,395.0
test:counter39,395.0
test:counter96,395.0
test:counter93,395.0
test:counter51,395.0
test:counter03,395.0
test:counter44,395.0
test:counter23,395.0
test:counter41,395.0
test:counter88,395.0
test:counter81,395.0
test:counter38,395.0
test:counter07,395.0
test:counter36,395.0
test:counter18,395.0
test:counter45,395.0
test:counter87,395.0
