#{"save_time": 1539873674.509277, "req_file_name": "test.req", "labels": [], "comment": ""}
test:counter92,11474.0
test:counter67,11475.0
test:counter57,11475.0
test:counter19,11475.0
test:counter06,11475.0
test:counter94,11475.0
test:counter20,11475.0
test:counter85,11475.0
test:counter76,11475.0
test:counter77,11475.0
test:counter62,11475.0
test:counter21,11475.0
test:counter28,11475.0
test:db_ok,11475.0
test:counter72,11475.0
test:counter01,11475.0
test:counter36,11475.0
test:counter29,11475.0
test:counter07,11475.0
test:counter50,11475.0
test:counter60,11475.0
test:counter56,11475.0
test:counter24,11475.0
test:counter10,11475.0
test:counter22,11475.0
test:counter13,11475.0
test:counter16,11475.0
test:counter93,11475.0
test:counter58,11475.0
test:counter31,11475.0
test:counter11,11475.0
test:counter65,11475.0
test:counter79,11475.0
test:counter75,11475.0
test:counter61,11475.0
test:counter23,11475.0
test:counter43,11475.0
test:counter40,11475.0
test:counter45,11475.0
test:counter73,11475.0
test:counter52,11475.0
test:counter04,11475.0
test:counter38,11475.0
test:counter47,11475.0
test:counter51,11475.0
test:counter08,11475.0
test:counter97,11475.0
test:counter91,11476.0
test:counter78,11476.0
test:counter68,11475.0
test:counter53,11475.0
test:counter09,11475.0
test:counter32,11475.0
test:counter37,11475.0
test:counter03,11475.0
test:counter27,11475.0
test:counter98,11475.0
test:counter70,11475.0
test:counter90,11475.0
test:counter15,11475.0
test:counter17,11475.0
test:counter88,11475.0
test:counter41,11475.0
test:counter84,11475.0
test:counter95,11475.0
test:counter55,11475.0
test:counter54,11475.0
test:counter99,0.0
test:counter59,11475.0
test:counter87,11475.0
test:counter71,11475.0
test:counter74,11475.0
test:counter82,11475.0
test:counter05,11475.0
test:counter80,11475.0
test:counter33,11475.0
test:counter64,11475.0
test:counter81,11475.0
test:counter66,11475.0
test:counter02,11475.0
test:counter63,11475.0
test:counter48,11475.0
test:counter25,11475.0
test:counter49,11475.0
test:counter44,11475.0
test:counter46,11475.0
test:counter39,11475.0
test:counter86,11475.0
test:counter34,11475.0
test:counter18,11475.0
test:counter96,11475.0
test:counter30,11476.0
test:counter69,11476.0
test:counter83,11476.0
test:counter42,11476.0
test:counter89,11475.0
test:counter35,11476.0
test:counter12,11475.0
test:counter00,11476.0
test:counter14,11475.0
test:counter26,11476.0
